
--- TEST 1: First Call (Should hit API) ---
Time: 3.98s
Intent: product_search
Filters: {"plant_type":null,"price_min":null,"price_max":null,"unit":null,"altitude":"rendah","harvest_range_hst":null,"query":"benih"}

--- TEST 2: Second Call (Should hit Cache) ---
Time: 0.00s
Intent: product_search

PASS: Cache is working (response is instant).
PASS: Intents match.
